// Jest Snapshot v1, https://goo.gl/fbAQLP

exports[`require \`please-upgrade-node\`, generate module with no example, with correct logging 1`] = `
Array [
  Object {
    "please-upgrade-node": Object {
      "engines": Object {
        "node": ">=12",
      },
      "name": "react-native-module-init",
    },
  },
  Object {
    "log": Array [
      "ℹ",
      "react-native-module-init",
      "0.4.4-dev",
    ],
  },
  Object {
    "prompts": Object {
      "args": Array [
        Object {
          "message": "What is the desired native module name?",
          "name": "nativeModuleName",
          "onState": [Function],
          "type": "text",
          "validate": [Function],
        },
      ],
    },
  },
  Object {
    "prompts": Object {
      "args": Array [
        Object {
          "active": "yes",
          "inactive": "no",
          "initial": false,
          "message": "Should it be a view?",
          "name": "isView",
          "onState": [Function],
          "type": "toggle",
        },
      ],
    },
  },
  Object {
    "prompts": Object {
      "args": Array [
        Object {
          "initial": "react-native-test-module",
          "message": "What is the full module package name?",
          "name": "modulePackageName",
          "onState": [Function],
          "type": "text",
          "validate": [Function],
        },
      ],
    },
  },
  Object {
    "prompts": Object {
      "args": Array [
        Object {
          "initial": true,
          "message": "Initial package version is 1.0.0 - continue?",
          "name": "confirmation",
          "onState": [Function],
          "type": "confirm",
        },
      ],
    },
  },
  Object {
    "prompts": Object {
      "args": Array [
        Object {
          "initial": "",
          "message": "What is the desired native object class name prefix (can be blank)?",
          "name": "nativeObjectClassNamePrefixInput",
          "onState": [Function],
          "type": "text",
        },
      ],
    },
  },
  Object {
    "prompts": Object {
      "args": Array [
        Object {
          "initial": "NATIVETestModule",
          "message": "Desired object class name to use between JavaScript & native code?",
          "name": "nativeObjectClassName",
          "onState": [Function],
          "type": "text",
        },
      ],
    },
  },
  Object {
    "prompts": Object {
      "args": Array [
        Object {
          "choices": Array [
            Object {
              "selected": true,
              "title": "Android",
              "value": "android",
            },
            Object {
              "selected": true,
              "title": "iOS",
              "value": "ios",
            },
            Object {
              "disabled": true,
              "title": "Windows",
              "value": "windows",
            },
          ],
          "message": "Which native platforms?",
          "min": 1,
          "name": "platforms",
          "onState": [Function],
          "type": "multiselect",
        },
      ],
    },
  },
  Object {
    "prompts": Object {
      "args": Array [
        Object {
          "initial": "com.demo",
          "message": "What is the desired Android package id?",
          "name": "androidPackageId",
          "onState": [Function],
          "type": "text",
          "validate": [Function],
        },
      ],
    },
  },
  Object {
    "prompts": Object {
      "args": Array [
        Object {
          "initial": false,
          "message": "Support Apple tvOS (requires react-native-tvos fork)?",
          "name": "tvosEnabled",
          "onState": [Function],
          "type": "confirm",
        },
      ],
    },
  },
  Object {
    "execa": Array [
      "git",
      Array [
        "config",
        "user.name",
      ],
      undefined,
    ],
  },
  Object {
    "execa": Array [
      "git",
      Array [
        "config",
        "user.email",
      ],
      undefined,
    ],
  },
  Object {
    "prompts": Object {
      "args": Array [
        Object {
          "initial": "Alice",
          "message": "What is the author name?",
          "name": "authorName",
          "onState": [Function],
          "type": "text",
        },
      ],
    },
  },
  Object {
    "prompts": Object {
      "args": Array [
        Object {
          "initial": "alice@example.com",
          "message": "What is the author email?",
          "name": "authorEmail",
          "onState": [Function],
          "type": "text",
        },
      ],
    },
  },
  Object {
    "prompts": Object {
      "args": Array [
        Object {
          "initial": "ada",
          "message": "What is the GitHub user account name?",
          "name": "githubUserAccountName",
          "onState": [Function],
          "type": "text",
        },
      ],
    },
  },
  Object {
    "prompts": Object {
      "args": Array [
        Object {
          "initial": "MIT",
          "message": "What license?",
          "name": "license",
          "onState": [Function],
          "type": "text",
        },
      ],
    },
  },
  Object {
    "prompts": Object {
      "args": Array [
        Object {
          "initial": false,
          "message": "Generate with sample use of Apple Networking?",
          "name": "useAppleNetworking",
          "onState": [Function],
          "type": "confirm",
        },
      ],
    },
  },
  Object {
    "log": Array [
      "ℹ",
      "It is possible to generate an example app for testing,",
    ],
  },
  Object {
    "log": Array [
      "ℹ",
      "with workarounds in metro.config.js for metro linking issues",
    ],
  },
  Object {
    "log": Array [
      "ℹ",
      "Requirements: Yarn; pod is needed for iOS",
    ],
  },
  Object {
    "prompts": Object {
      "args": Array [
        Object {
          "initial": true,
          "message": "Generate the example app (with workarounds in metro.config.js)?",
          "name": "generateExampleApp",
          "onState": [Function],
          "type": "confirm",
        },
      ],
    },
  },
  Object {
    "log": Array [
      "ℹ",
      "generating the native library module as a package",
    ],
  },
  Object {
    "create": Object {
      "authorEmail": "ada@lovelace.name",
      "authorName": "Ada",
      "githubAccount": "ada-lovelace",
      "license": "BSD-4-CLAUSE",
      "moduleName": "react-native-test-module",
      "name": "test Module",
      "objectClassName": "SUPERTestModule",
      "packageIdentifier": "com.test",
      "platforms": Array [
        "android",
        "ios",
      ],
      "tvosEnabled": false,
      "useAppleNetworking": false,
      "view": false,
    },
  },
  Object {
    "log": Array [
      "✔",
      "native library module generated ok",
    ],
  },
]
`;
